[2J[01;01H[=3h[2J[01;01H[2J[01;01H[=3h[2J[01;01H[2J[01;01H[=3h[2J[01;01HBdsDxe: loading Boot0001 "UEFI QEMU HARDDISK QM00003 " from PciRoot(0x0)/Pci(0x1F,0x2)/Sata(0x1,0xFFFF,0x0)
BdsDxe: starting Boot0001 "UEFI QEMU HARDDISK QM00003 " from PciRoot(0x0)/Pci(0x1F,0x2)/Sata(0x1,0xFFFF,0x0)

Nuvora Core UEFI stub

Nuvora Core UEFI stub
entering kernel

Nuvora Core 0.14.0
x86-64 kernel | private ABI | built from original sources

[ok] CPU AuthenticAMD family 6 model 6; FXSAVE context; 1 CPU online
[info] ACPI root not found; PCI uses CF8/CFC fallback
[ok] GDT, TSS, IDT, PIT 100 Hz, supervisor paging
[ok] physical pages, heap coalescing, page permissions
[ok] ramfs, devfs, proc views, embedded ELF programs
[store] restored /home generation 1
[ok] PCI display discovery: 1 adapter(s), 0 omitted
[audio] HDA analog output: codec 0, pin 3, DAC 2
[net] 0 PCI network device(s), physical wired driver unavailable
[usb] 0:5 address=1 id=627:1 QEMU USB Tablet
[usb] 0:6 address=2 id=627:1 QEMU USB Keyboard
[ok] PCI USB discovery: 1 controller(s)
[ok] 242 MiB managed RAM, 52365 free pages
[ok] entering Ring 3: /apps/loom, pid 1

[?1049h[?7l[2JFolio closed.
Folio closed.
Folio closed.
Folio closed.
Folio closed.
Folio closed.
Folio closed.
